Diagnose log at 2026-06-10T21:46:45Z

AppPath: C:\Program Files\Git\mingw64\bin\git-credential-manager.exe
InstallDir: C:\Program Files\Git\mingw64\bin\
Version: 2.7.3+5fa7116896c82164996a609accd1c5ad90fe730a

------------
Diagnostic: Environment
Skipped: False
Success: True
Exception: None
Log:
OSType: Windows
OSVersion: 10.0 (build 19045)
Reading environment variables... OK
 Variables:
OneDriveConsumer=C:\Users\mathe\OneDrive
ProgramFiles(x86)=C:\Program Files (x86)
MSYSTEM=MINGW64
ProgramW6432=C:\Program Files
windir=C:\Windows
VSCODE_PROCESS_TITLE=extension-host (agent-exec) Projeto de API [3-18]
PROCESSOR_IDENTIFIER=Intel64 Family 6 Model 158 Stepping 13, GenuineIntel
PNPM_STORE_PATH=C:\Users\mathe\AppData\Local\Temp\cursor-sandbox-cache\b1bf38413237d1da5a2a9b2fb0b35465\pnpm-store
BUNDLE_PATH=C:\Users\mathe\AppData\Local\Temp\cursor-sandbox-cache\b1bf38413237d1da5a2a9b2fb0b35465\bundle
TMP=C:\Users\mathe\AppData\Local\Temp
CURSOR_CONVERSATION_ID=78d95a3d-6a00-44b1-8520-22f4e0203a6a
DriverData=C:\Windows\System32\Drivers\DriverData
Path=C:/Program Files/Git/mingw64/libexec/git-core;C:\Program Files\Git\mingw64\bin;C:\Program Files\Git\usr\bin;C:\Users\mathe\bin;c:\Users\mathe\AppData\Local\Programs\cursor\resources\app\node_modules\@vscode\ripgrep\bin;C:\Windows\system32;C:\Windows;C:\Windows\System32\Wbem;C:\Windows\System32\WindowsPowerShell\v1.0\;C:\Windows\System32\OpenSSH\;C:\Program Files\NVIDIA Corporation\NVIDIA App\NvDLISR;C:\Program Files (x86)\NVIDIA Corporation\PhysX\Common;C:\Program Files\Git\cmd;C:\Users\mathe\AppData\Local\Microsoft\WindowsApps;C:\Users\mathe\AppData\Local\Programs\cursor\resources\app\bin
SystemRoot=C:\Windows
VSCODE_CWD=C:\Users\mathe\AppData\Local\Programs\cursor
PROCESSOR_REVISION=9e0d
USERPROFILE=C:\Users\mathe
PATHEXT=.COM;.EXE;.BAT;.CMD;.VBS;.VBE;.JS;.JSE;.WSF;.WSH;.MSC;.CPL
VSCODE_ESM_ENTRYPOINT=vs/workbench/api/node/extensionHostProcess
GOMODCACHE=C:\Users\mathe\AppData\Local\Temp\cursor-sandbox-cache\b1bf38413237d1da5a2a9b2fb0b35465\go-mod
POETRY_CACHE_DIR=C:\Users\mathe\AppData\Local\Temp\cursor-sandbox-cache\b1bf38413237d1da5a2a9b2fb0b35465\poetry
TEMP=C:\Users\mathe\AppData\Local\Temp
FPS_BROWSER_APP_PROFILE_STRING=Internet Explorer
FPS_BROWSER_USER_PROFILE_STRING=Default
LOGONSERVER=\\DESKTOP-1EOUQLL
TERM=dumb
NPM_CONFIG_CACHE=C:\Users\mathe\AppData\Local\Temp\cursor-sandbox-cache\b1bf38413237d1da5a2a9b2fb0b35465\npm
NO_COLOR=1
npm_config_devdir=C:\Users\mathe\AppData\Local\Temp\cursor-sandbox-cache\b1bf38413237d1da5a2a9b2fb0b35465\node-gyp
CHROME_CRASHPAD_PIPE_NAME=\\.\pipe\crashpad_456_SFLZJXHZXOPUROCR
GIT_EXEC_PATH=C:/Program Files/Git/mingw64/libexec/git-core
CURSOR_EXTENSION_HOST_ROLE=agent-exec
PLINK_PROTOCOL=ssh
PLAYWRIGHT_BROWSERS_PATH=C:\Users\mathe\AppData\Local\Temp\cursor-sandbox-cache\b1bf38413237d1da5a2a9b2fb0b35465\playwright
YARN_CACHE_FOLDER=C:\Users\mathe\AppData\Local\Temp\cursor-sandbox-cache\b1bf38413237d1da5a2a9b2fb0b35465\yarn
OneDrive=C:\Users\mathe\OneDrive
CURSOR_LAYOUT=unifiedAgent
CCACHE_DIR=C:\Users\mathe\AppData\Local\Temp\cursor-sandbox-cache\b1bf38413237d1da5a2a9b2fb0b35465\ccache
CommonProgramFiles=C:\Program Files\Common Files
CURSOR_AGENT=1
HOMEBREW_CACHE=C:\Users\mathe\AppData\Local\Temp\cursor-sandbox-cache\b1bf38413237d1da5a2a9b2fb0b35465\homebrew
PROCESSOR_LEVEL=6
ProgramData=C:\ProgramData
GRADLE_USER_HOME=C:\Users\mathe\AppData\Local\Temp\cursor-sandbox-cache\b1bf38413237d1da5a2a9b2fb0b35465\gradle
HOMEPATH=\Users\mathe
FORCE_COLOR=0
UV_CACHE_DIR=C:\Users\mathe\AppData\Local\Temp\cursor-sandbox-cache\b1bf38413237d1da5a2a9b2fb0b35465\uv
VSCODE_HANDLES_UNCAUGHT_ERRORS=true
PIP_CACHE_DIR=C:\Users\mathe\AppData\Local\Temp\cursor-sandbox-cache\b1bf38413237d1da5a2a9b2fb0b35465\pip
ALLUSERSPROFILE=C:\ProgramData
CommonProgramW6432=C:\Program Files\Common Files
USERNAME=mathe
BUN_INSTALL_CACHE_DIR=C:\Users\mathe\AppData\Local\Temp\cursor-sandbox-cache\b1bf38413237d1da5a2a9b2fb0b35465\bun
CURSOR_WORKSPACE_LABEL=Projeto de API
CYPRESS_CACHE_FOLDER=C:\Users\mathe\AppData\Local\Temp\cursor-sandbox-cache\b1bf38413237d1da5a2a9b2fb0b35465\cypress
PROCESSOR_ARCHITECTURE=AMD64
SESSIONNAME=Console
AGENT_TRANSCRIPTS=C:\Users\mathe\.cursor\projects\c-Users-mathe-Documents-Faculdade-Disciplinas-Aplica-es-Para-Internet-Projeto-de-API\agent-transcripts
GEM_SPEC_CACHE=C:\Users\mathe\AppData\Local\Temp\cursor-sandbox-cache\b1bf38413237d1da5a2a9b2fb0b35465\gem-specs
CommonProgramFiles(x86)=C:\Program Files (x86)\Common Files
HOMEDRIVE=C:
VSCODE_PID=456
PUPPETEER_CACHE_DIR=C:\Users\mathe\AppData\Local\Temp\cursor-sandbox-cache\b1bf38413237d1da5a2a9b2fb0b35465\puppeteer
GIT_TRACE2_PARENT_SID=66359327-0681-45fc-840d-cd71277c062c
SystemDrive=C:
NUMBER_OF_PROCESSORS=6
CP_HOME_DIR=C:\Users\mathe\AppData\Local\Temp\cursor-sandbox-cache\b1bf38413237d1da5a2a9b2fb0b35465\cocoapods
TURBO_CACHE_DIR=C:\Users\mathe\AppData\Local\Temp\cursor-sandbox-cache\b1bf38413237d1da5a2a9b2fb0b35465\turbo
ProgramFiles=C:\Program Files
ComSpec=C:\Windows\system32\cmd.exe
CONDA_PKGS_DIRS=C:\Users\mathe\AppData\Local\Temp\cursor-sandbox-cache\b1bf38413237d1da5a2a9b2fb0b35465\conda
VSCODE_CRASH_REPORTER_PROCESS_TYPE=extensionHost
GOCACHE=C:\Users\mathe\AppData\Local\Temp\cursor-sandbox-cache\b1bf38413237d1da5a2a9b2fb0b35465\go-build
HOME=C:\Users\mathe
VSCODE_IPC_HOOK=\\.\pipe\529aa6bc-3.7.27-main-sock
COMPOSER_HOME=C:\Users\mathe\AppData\Local\Temp\cursor-sandbox-cache\b1bf38413237d1da5a2a9b2fb0b35465\composer
PSModulePath=C:\Users\mathe\Documents\WindowsPowerShell\Modules;C:\Program Files\WindowsPowerShell\Modules;C:\Windows\system32\WindowsPowerShell\v1.0\Modules
TMPDIR=C:\Users\mathe\AppData\Local\Temp
APPDATA=C:\Users\mathe\AppData\Roaming
USERDOMAIN=DESKTOP-1EOUQLL
COMPUTERNAME=DESKTOP-1EOUQLL
LC_CTYPE=C.UTF-8
OS=Windows_NT
LOCALAPPDATA=C:\Users\mathe\AppData\Local
CARGO_TARGET_DIR=C:\Users\mathe\AppData\Local\Temp\cursor-sandbox-cache\b1bf38413237d1da5a2a9b2fb0b35465\cargo-target
CURSOR_RIPGREP_PATH=c:\Users\mathe\AppData\Local\Programs\cursor\resources\app\node_modules\@vscode\ripgrep\bin\rg.exe
VSCODE_NLS_CONFIG={"userLocale":"en-us","osLocale":"pt-br","resolvedLanguage":"en","defaultMessagesFile":"C:\\Users\\mathe\\AppData\\Local\\Programs\\cursor\\resources\\app\\out\\nls.messages.json","locale":"en-us","availableLanguages":{}}
PSExecutionPolicyPreference=Bypass
NX_CACHE_DIRECTORY=C:\Users\mathe\AppData\Local\Temp\cursor-sandbox-cache\b1bf38413237d1da5a2a9b2fb0b35465\nx
USERDOMAIN_ROAMINGPROFILE=DESKTOP-1EOUQLL
NUGET_PACKAGES=C:\Users\mathe\AppData\Local\Temp\cursor-sandbox-cache\b1bf38413237d1da5a2a9b2fb0b35465\nuget
VSCODE_CODE_CACHE_PATH=C:\Users\mathe\AppData\Roaming\Cursor\CachedData\e48ee6102a199492b0c9964699bf011886708ba0
PUBLIC=C:\Users\Public
_ZO_DOCTOR=0


------------
Diagnostic: File system
Skipped: False
Success: True
Exception: None
Log:
Temporary directory is 'C:\Users\mathe\AppData\Local\Temp\'...
Checking basic file I/O...
Writing to temporary file 'C:\Users\mathe\AppData\Local\Temp\f7b6475b9a387583963b80c5'... OK
Reading from temporary file 'C:\Users\mathe\AppData\Local\Temp\f7b6475b9a387583963b80c5'... OK
Deleting temporary file 'C:\Users\mathe\AppData\Local\Temp\f7b6475b9a387583963b80c5'... OK
Testing IFileSystem instance...
UserHomePath: C:\Users\mathe
UserDataDirectoryPath: C:\Users\mathe\.gcm
GetCurrentDirectory(): C:\Users\mathe\Documents\Faculdade\Disciplinas\Aplicações Para Internet\Projeto de API

------------
Diagnostic: Networking
Skipped: False
Success: True
Exception: None
Log:
Checking networking and HTTP stack...
Creating HTTP client... OK
IsNetworkAvailable: True
Sending HEAD request to http://example.com...Sending HEAD request to https://example.com... OK
 OK
Acquiring free TCP port... OK
Testing local HTTP loopback connections...
Creating new HTTP listener for http://localhost:59262/... OK
Waiting for loopback connection... OK
Writing response... OK
Waiting for response data... OK
Loopback connection data OK

------------
Diagnostic: Git
Skipped: False
Success: True
Exception: None
Log:
Getting Git version... OK
Git version is '2.54.0.windows.1'
Locating current repository...Git repository at 'C:/Users/mathe/Documents/Faculdade/Disciplinas/Aplica├º├Áes Para Internet/Projeto de API/.git'
 OK
Listing all Git configuration... OK
Git configuration:
file:C:/Program Files/Git/etc/gitconfig	diff.astextplain.textconv=astextplain
file:C:/Program Files/Git/etc/gitconfig	filter.lfs.clean=git-lfs clean -- %f
file:C:/Program Files/Git/etc/gitconfig	filter.lfs.smudge=git-lfs smudge -- %f
file:C:/Program Files/Git/etc/gitconfig	filter.lfs.process=git-lfs filter-process
file:C:/Program Files/Git/etc/gitconfig	filter.lfs.required=true
file:C:/Program Files/Git/etc/gitconfig	http.sslbackend=schannel
file:C:/Program Files/Git/etc/gitconfig	core.autocrlf=true
file:C:/Program Files/Git/etc/gitconfig	core.fscache=true
file:C:/Program Files/Git/etc/gitconfig	core.symlinks=false
file:C:/Program Files/Git/etc/gitconfig	pull.rebase=false
file:C:/Program Files/Git/etc/gitconfig	credential.helper=manager
file:C:/Program Files/Git/etc/gitconfig	credential.https://dev.azure.com.usehttppath=true
file:C:/Program Files/Git/etc/gitconfig	init.defaultbranch=master
file:C:/Users/mathe/.gitconfig	user.name=matheusota2k
file:C:/Users/mathe/.gitconfig	user.email=matheusfariask4@gmail.com
file:C:/Users/mathe/.gitconfig	credential.helper=manager-core
file:.git/config	core.repositoryformatversion=0
file:.git/config	core.filemode=false
file:.git/config	core.bare=false
file:.git/config	core.logallrefupdates=true
file:.git/config	core.symlinks=false
file:.git/config	core.ignorecase=true
file:.git/config	remote.origin.url=https://github.com/RyanBezerra/Aplicacoes-para-internet.git
file:.git/config	remote.origin.fetch=+refs/heads/*:refs/remotes/origin/*
file:.git/config	branch.beta.remote=origin
file:.git/config	branch.beta.merge=refs/heads/beta


------------
Diagnostic: Credential storage
Skipped: False
Success: True
Exception: None
Log:
ICredentialStore instance is of type: CredentialStore
Writing test credential... OK
Reading test credential... OK
Deleting test credential... OK

------------
Diagnostic: Microsoft authentication (AAD/MSA)
Skipped: False
Success: True
Exception: None
Log:
Broker is not enabled.
Flow type is: Auto
Gathering MSAL token cache data... OK
CacheDirectory: C:\Users\mathe\AppData\Local\.IdentityService
CacheFileName: msal.cache
CacheFilePath: C:\Users\mathe\AppData\Local\.IdentityService\msal.cache
Creating cache helper... OK
Verifying MSAL token cache persistence... OK

------------
Diagnostic: GitHub API
Skipped: False
Success: False
Exception:
System.Threading.Tasks.TaskCanceledException: Uma tarefa foi cancelada.
   em System.Runtime.CompilerServices.TaskAwaiter.ThrowForNonSuccess(Task task)
   em System.Runtime.CompilerServices.TaskAwaiter.HandleNonSuccessAndDebuggerNotification(Task task)
   em GitHub.GitHubRestApi.<GetMetaInfoAsync>d__5.MoveNext()
--- Fim do rastreamento de pilha do local anterior onde a exceção foi gerada ---
   em System.Runtime.ExceptionServices.ExceptionDispatchInfo.Throw()
   em System.Runtime.CompilerServices.TaskAwaiter.ThrowForNonSuccess(Task task)
   em System.Runtime.CompilerServices.TaskAwaiter.HandleNonSuccessAndDebuggerNotification(Task task)
   em GitHub.Diagnostics.GitHubApiDiagnostic.<RunInternalAsync>d__2.MoveNext()
--- Fim do rastreamento de pilha do local anterior onde a exceção foi gerada ---
   em System.Runtime.ExceptionServices.ExceptionDispatchInfo.Throw()
   em System.Runtime.CompilerServices.TaskAwaiter.ThrowForNonSuccess(Task task)
   em System.Runtime.CompilerServices.TaskAwaiter.HandleNonSuccessAndDebuggerNotification(Task task)
   em GitCredentialManager.Diagnostics.Diagnostic.<RunAsync>d__6.MoveNext()
Log:
Using 'https://github.com/' as API target.
Querying '/meta' endpoint...
